// Jest Snapshot v1, https://goo.gl/fbAQLP

exports[`should render correctly 1`] = `
<DocumentFragment>
  <div>
    <div
      class="relative md:-top-20 md:-mb-20 p-10 md:p-32 bg-scroll bg-cover bg-no-repeat flex justify-start bg-center"
      style="background-image: url(/foo.png);"
    >
      <div
        class="flex flex-col justify-center w-1/2"
      >
        <div>
          <div
            style="display: inline-block; max-width: 100%; overflow: hidden; position: relative; box-sizing: border-box; margin: 0px;"
          >
            <div
              style="box-sizing: border-box; display: block; max-width: 100%;"
            >
              <img
                alt=""
                aria-hidden="true"
                role="presentation"
                src="data:image/svg+xml;base64,PHN2ZyB3aWR0aD0iNTAwIiBoZWlnaHQ9IjUwMCIgeG1sbnM9Imh0dHA6Ly93d3cudzMub3JnLzIwMDAvc3ZnIiB2ZXJzaW9uPSIxLjEiLz4="
                style="max-width: 100%; display: block; margin: 0px; padding: 0px;"
              />
            </div>
            <noscript />
            <img
              alt="Building projects with impact"
              decoding="async"
              src="data:image/gif;base64,R0lGODlhAQABAIAAAAAAAP///yH5BAEAAAAALAAAAAABAAEAAAIBRAA7"
              style="position: absolute; top: 0px; left: 0px; bottom: 0px; right: 0px; box-sizing: border-box; padding: 0px; margin: auto; display: block; width: 0px; height: 0px; min-width: 100%; max-width: 100%; min-height: 100%; max-height: 100%;"
            />
          </div>
        </div>
      </div>
    </div>
    <div
      class="content-center mx-auto my-32 md:w-1/2 drop-shadow-2xl text-2xl"
    >
      <p
        class="mb-16"
      >
        <span
          class="italic text-3xl"
        >
          Our 
        </span>
        <b
          class="text-4xl uppercase"
        >
          projects
        </b>
      </p>
      <p>
        We're constantly working on new projects every month, whether they're ideas of our own or supporting organizations and activists that reach out to us. Below is a list of our work, and which of our teams that worked on it.
      </p>
    </div>
    <div
      class="flex flex-col space-y-20 items-center mx-auto drop-shadow-2xl text-2xl"
    >
      <p
        class="space-x-4"
      >
        <button
          class="border-2 border-gray-200 border-opacity-50 p-3 bg-gray text-white w-40 uppercase"
        >
          View all
        </button>
        <button
          class="border-2 border-gray-200 border-opacity-50 p-3 w-40"
        >
          2021
        </button>
        <button
          class="border-2 border-gray-200 border-opacity-50 p-3 w-40"
        >
          2020
        </button>
        <button
          class="border-2 border-gray-200 border-opacity-50 p-3 w-40"
        >
          2019
        </button>
        <button
          class="border-2 border-gray-200 border-opacity-50 p-3 w-40"
        >
          2018
        </button>
      </p>
      <div
        class="flex space-x-8"
      >
        <div
          style="display: inline-block; max-width: 100%; overflow: hidden; position: relative; box-sizing: border-box; margin: 0px;"
        >
          <div
            style="box-sizing: border-box; display: block; max-width: 100%;"
          >
            <img
              alt=""
              aria-hidden="true"
              role="presentation"
              src="data:image/svg+xml;base64,PHN2ZyB3aWR0aD0iNTAwIiBoZWlnaHQ9IjUwMCIgeG1sbnM9Imh0dHA6Ly93d3cudzMub3JnLzIwMDAvc3ZnIiB2ZXJzaW9uPSIxLjEiLz4="
              style="max-width: 100%; display: block; margin: 0px; padding: 0px;"
            />
          </div>
          <noscript />
          <img
            alt="Activist Hub"
            decoding="async"
            src="data:image/gif;base64,R0lGODlhAQABAIAAAAAAAP///yH5BAEAAAAALAAAAAABAAEAAAIBRAA7"
            style="position: absolute; top: 0px; left: 0px; bottom: 0px; right: 0px; box-sizing: border-box; padding: 0px; margin: auto; display: block; width: 0px; height: 0px; min-width: 100%; max-width: 100%; min-height: 100%; max-height: 100%;"
          />
        </div>
        <div
          class="text-left"
          style="width: 700px;"
        >
          <h1
            class="text-4xl font-bold"
          >
            Activist Hub
          </h1>
          <p
            class="my-3"
          >
            <span
              class="font-bold"
            >
              APR 2021
            </span>
             - Team Watermelon
          </p>
          <p>
            The days of wondering whether or not our activism is effective are over. Activist Hub is the world's first street outreach dashboard that provides volunteers with the ability to monitor and understand their effectiveness through real data and analytics (DnA). Personal and group results will help everyone interested in making informed and strategic decisions for the animals!
          </p>
          <div
            class="mt-10"
          >
            <div
              class="p-3 px-4 py-2 text-2xl border-l-8 bg-w-x2 ease-linear duration-500 hover:shadow-fill-green text-grey-dark border-green bg-w-x2 bg-white"
              href="https://activisthub.org"
            >
              ActivistHub.org
            </div>
          </div>
        </div>
      </div>
      <div
        class="flex space-x-8"
      >
        <div
          style="display: inline-block; max-width: 100%; overflow: hidden; position: relative; box-sizing: border-box; margin: 0px;"
        >
          <div
            style="box-sizing: border-box; display: block; max-width: 100%;"
          >
            <img
              alt=""
              aria-hidden="true"
              role="presentation"
              src="data:image/svg+xml;base64,PHN2ZyB3aWR0aD0iNTAwIiBoZWlnaHQ9IjUwMCIgeG1sbnM9Imh0dHA6Ly93d3cudzMub3JnLzIwMDAvc3ZnIiB2ZXJzaW9uPSIxLjEiLz4="
              style="max-width: 100%; display: block; margin: 0px; padding: 0px;"
            />
          </div>
          <noscript />
          <img
            alt="Sehati Sanctuary"
            decoding="async"
            src="data:image/gif;base64,R0lGODlhAQABAIAAAAAAAP///yH5BAEAAAAALAAAAAABAAEAAAIBRAA7"
            style="position: absolute; top: 0px; left: 0px; bottom: 0px; right: 0px; box-sizing: border-box; padding: 0px; margin: auto; display: block; width: 0px; height: 0px; min-width: 100%; max-width: 100%; min-height: 100%; max-height: 100%;"
          />
        </div>
        <div
          class="text-left"
          style="width: 700px;"
        >
          <h1
            class="text-4xl font-bold"
          >
            Sehati Sanctuary
          </h1>
          <p
            class="my-3"
          >
            <span
              class="font-bold"
            >
              MAR 2021
            </span>
             - Team Eggplant
          </p>
          <p>
            Sehati Animal Sanctuary is the first farmed animal sanctuary in Indonesia which provides a loving haven to animals rescued from needless exploitation, violence, and slaughter. The sanctuary supports human-animal bonding and serves to educate the public about animal rights in order to reduce worldwide animal suffering.
          </p>
          <div
            class="mt-10"
          >
            <div
              class="p-3 px-4 py-2 text-2xl border-l-8 bg-w-x2 ease-linear duration-500 hover:shadow-fill-green text-grey-dark border-green bg-w-x2 bg-white"
              href="https://sehatisanctuary.org"
            >
              SehatiSanctuary.org
            </div>
          </div>
        </div>
      </div>
    </div>
    <div
      class="content-center mx-auto mt-32 text-2xl bg-black py-32"
    >
      <h2
        class="text-6xl uppercase font-bold text-white"
      >
        Join our team
      </h2>
      <div
        class="mx-auto md:w-1/6 mt-10 uppercase"
      >
        <a
          href="/join"
        >
          <div
            class="p-3 px-4 py-2 text-2xl border-l-8 bg-w-x2 ease-linear duration-500 hover:shadow-fill-green text-grey-dark border-green bg-w-x2 bg-white"
          >
            Learn more
          </div>
        </a>
      </div>
    </div>
  </div>
</DocumentFragment>
`;
