// Jest Snapshot v1, https://goo.gl/fbAQLP

exports[`should render correctly 1`] = `
<DocumentFragment>
  <div
    class="flex flex-col md:flex-row items-center gap-10 px-2 md:px-0"
  >
    <div
      class="p-3 pb-1"
      style="background-color: rgb(241, 90, 59);"
    >
      <span
        style="box-sizing: border-box; display: inline-block; overflow: hidden; width: 60px; height: 60px; background: none; opacity: 1; border: 0px; margin: 0px; padding: 0px; position: relative;"
      >
        <img
          alt=""
          data-nimg="fixed"
          decoding="async"
          src="/_next/image?url=%2Ffoo.png&w=128&q=75"
          srcset="/_next/image?url=%2Ffoo.png&w=64&q=75 1x, /_next/image?url=%2Ffoo.png&w=128&q=75 2x"
          style="position: absolute; top: 0px; left: 0px; bottom: 0px; right: 0px; box-sizing: border-box; padding: 0px; margin: auto; display: block; width: 0px; height: 0px; min-width: 100%; max-width: 100%; min-height: 100%; max-height: 100%; object-position: center;"
        />
        <noscript />
      </span>
    </div>
    <p
      class="w-5/8 text-center md:text-left md:text-2xl"
    >
      foo
    </p>
  </div>
</DocumentFragment>
`;
