// Jest Snapshot v1, https://goo.gl/fbAQLP

exports[`Application renders correctly 1`] = `
<DocumentFragment>
  <div
    class="relative lg:-top-20 lg:-mb-20 p-10 md:p-32 bg-scroll md:bg-fixed bg-cover bg-no-repeat flex justify-end"
    style="background-image: url(/foo.png);"
  >
    <div
      class="flex flex-col justify-center w-1/2"
    >
      <div>
        <div
          style="display: inline-block; max-width: 100%; overflow: hidden; position: relative; box-sizing: border-box; margin: 0px;"
        >
          <div
            style="box-sizing: border-box; display: block; max-width: 100%;"
          >
            <img
              alt=""
              aria-hidden="true"
              role="presentation"
              src="data:image/svg+xml;base64,PHN2ZyB3aWR0aD0iNTAwIiBoZWlnaHQ9IjUwMCIgeG1sbnM9Imh0dHA6Ly93d3cudzMub3JnLzIwMDAvc3ZnIiB2ZXJzaW9uPSIxLjEiLz4="
              style="max-width: 100%; display: block; margin: 0px; padding: 0px;"
            />
          </div>
          <noscript />
          <img
            alt="Compassion, Creativity, Code"
            decoding="async"
            src="data:image/gif;base64,R0lGODlhAQABAIAAAAAAAP///yH5BAEAAAAALAAAAAABAAEAAAIBRAA7"
            style="position: absolute; top: 0px; left: 0px; bottom: 0px; right: 0px; box-sizing: border-box; padding: 0px; margin: auto; display: block; width: 0px; height: 0px; min-width: 100%; max-width: 100%; min-height: 100%; max-height: 100%;"
          />
        </div>
      </div>
      <div
        class="relative text-white mx-auto md:w-1/2 drop-shadow-2xl text-2xl"
      >
        Fighting for the animal rights movement since 2019.
      </div>
      <div
        class="relative mx-auto mt-10"
      >
        <a
          href="/about"
        />
        <a>
          <div
            class="hover:shadow-fill-green p-3 px-4 text-2xl text-grey-dark border-l-8 border-green py-2 bg-w-x2 bg-white ease-linear duration-500"
          >
            Learn More
          </div>
        </a>
      </div>
    </div>
  </div>
  <div
    class="content-center mx-auto md:w-1/2 drop-shadow-2xl text-2xl"
  >
    <p>
      We're a group of passionate Vegan Activists that volunteer our time and skills towards 
      <b>
        vegan projects worth supporting.
      </b>
       Every project we work on aims to help spread compassion through Veganism by supporting both vegans, non-vegans and activists in some way.
    </p>
    <br />
    <p>
      Every project we release is 
      <b>
        100% free to use for everyone.
      </b>
       We don't do premium versions, microtransactions, advertisements, or sell user data - ever.
    </p>
    <br />
    <p>
      <b>
        We do this for the animals
      </b>
       - we do this because coding is our way of doing our part for activism. If you want to support us, please consider a small donation via our 
      <span
        class="text-pink"
      >
        Patreon!
      </span>
       It means the world to us and the animals to have your support.
    </p>
    <button
      type="submit"
    >
      <a>
        <div
          class="bg-fuchsia hover:bg-strawberry border-l-8 border-strawberry py-2 ease-linear duration-500"
        />
      </a>
    </button>
  </div>
  <div
    class="min-h-screen"
  >
    Rest of the page
  </div>
</DocumentFragment>
`;
