// Jest Snapshot v1, https://goo.gl/fbAQLP

exports[`Application renders correctly 1`] = `
<DocumentFragment>
  <div
    class="relative flex justify-end md:h-[calc(100vh-74px)] md:min-h-[40rem] md:-top-20 md:-mb-20 bg-center"
  >
    <div
      style="display: block; overflow: hidden; position: absolute; top: 0px; left: 0px; bottom: 0px; right: 0px; box-sizing: border-box; margin: 0px;"
    >
      <img
        alt=""
        data-nimg="fill"
        decoding="async"
        sizes="100vw"
        src="/_next/image?url=%2Ffoo.png&w=3840&q=75"
        srcset="/_next/image?url=%2Ffoo.png&w=640&q=75 640w, /_next/image?url=%2Ffoo.png&w=750&q=75 750w, /_next/image?url=%2Ffoo.png&w=828&q=75 828w, /_next/image?url=%2Ffoo.png&w=1080&q=75 1080w, /_next/image?url=%2Ffoo.png&w=1200&q=75 1200w, /_next/image?url=%2Ffoo.png&w=1920&q=75 1920w, /_next/image?url=%2Ffoo.png&w=2048&q=75 2048w, /_next/image?url=%2Ffoo.png&w=3840&q=75 3840w"
        style="position: absolute; top: 0px; left: 0px; bottom: 0px; right: 0px; box-sizing: border-box; padding: 0px; margin: auto; display: block; width: 0px; height: 0px; min-width: 100%; max-width: 100%; min-height: 100%; max-height: 100%; object-fit: cover; object-position: top;"
      />
      <noscript />
    </div>
    <div
      class="flex flex-col justify-center w-1/2 z-10 py-10 xl:mt-0"
    >
      <div
        class=""
      >
        <div
          style="display: inline-block; max-width: 100%; overflow: hidden; position: relative; box-sizing: border-box; margin: 0px;"
        >
          <div
            style="box-sizing: border-box; display: block; max-width: 100%;"
          >
            <img
              alt=""
              aria-hidden="true"
              src="data:image/svg+xml;base64,PHN2ZyB3aWR0aD0iMzM5LjU5OTk5OTk5OTk5OTk3IiBoZWlnaHQ9IjMzOS41OTk5OTk5OTk5OTk5NyIgeG1sbnM9Imh0dHA6Ly93d3cudzMub3JnLzIwMDAvc3ZnIiB2ZXJzaW9uPSIxLjEiLz4="
              style="max-width: 100%; display: block; margin: 0px; padding: 0px;"
            />
          </div>
          <img
            alt="Compassion, Creativity, Code"
            data-nimg="intrinsic"
            decoding="async"
            src="/_next/image?url=%2Ffoo.png&w=750&q=75"
            srcset="/_next/image?url=%2Ffoo.png&w=384&q=75 1x, /_next/image?url=%2Ffoo.png&w=750&q=75 2x"
            style="position: absolute; top: 0px; left: 0px; bottom: 0px; right: 0px; box-sizing: border-box; padding: 0px; margin: auto; display: block; width: 0px; height: 0px; min-width: 100%; max-width: 100%; min-height: 100%; max-height: 100%;"
          />
          <noscript />
        </div>
      </div>
      <div
        class="relative text-white mx-auto md:w-1/2 text-2xl"
      >
        Building for the animal rights movement since 2019.
      </div>
      <div
        class="relative mx-auto mt-10"
      >
        <a
          href="/about"
        >
          <div
            class="p-3 px-4 py-2 text-2xl border-l-8 transition-shadow font-mono cursor-pointer disabled:bg-grey-light disabled:cursor-not-allowed disabled:hover:shadow-none truncate text-grey-dark border-green bg-w-x2 bg-white font-mono font-semibold hover:!bg-left transition-all duration-500 ease-in-out capitalize"
            href="/about"
            style="background-size: 250% 100%; background-position: right;"
          >
            Learn More
          </div>
        </a>
      </div>
    </div>
    <div
      class="absolute inset-0 overflow-hidden"
    >
      <svg
        class="overflow-visible absolute transform pointer-events-none translate-x-1/4 -translate-y-2/4 lg:-translate-y-3/4
    "
        height="60vw"
        style="color: rgb(255, 255, 255); right: 0px; top: 0px;"
        width="60vw"
      >
        <circle
          class="stroke-current"
          cx="30vw"
          cy="30vw"
          fill-opacity="0"
          opacity="0.1"
          r="30vw"
          stroke-width="20px"
        />
      </svg>
      <svg
        class="overflow-visible absolute transform pointer-events-none -translate-x-1/4 translate-y-2/4 lg:translate-y-3/4
    "
        height="68vw"
        style="color: rgb(255, 255, 255); left: 0px; bottom: 0px;"
        width="68vw"
      >
        <circle
          class="stroke-current"
          cx="34vw"
          cy="34vw"
          fill-opacity="0"
          opacity="0.2"
          r="34vw"
          stroke-width="20px"
        />
      </svg>
    </div>
  </div>
  <div
    class="relative overflow-visible hidden md:block"
  >
    <div
      class="absolute"
      style="background-color: rgb(100, 188, 70); width: 128px; height: 128px; opacity: 1; bottom: 0px; left: 0px;"
    />
    <div
      class="absolute"
      style="background-color: rgb(255, 255, 255); width: 64px; height: 64px; opacity: 1; bottom: 0px; left: 128px;"
    />
    <div
      class="absolute"
      style="background-color: rgb(237, 35, 132); width: 128px; height: 128px; opacity: 1; bottom: 0px; right: 0px;"
    />
    <div
      class="absolute"
      style="background-color: rgb(255, 199, 9); width: 128px; height: 128px; opacity: 1; top: 0px; left: 128px;"
    />
    <div
      class="absolute"
      style="background-color: rgb(247, 148, 29); width: 64px; height: 64px; opacity: 1; top: 128px; left: 64px;"
    />
    <div
      class="absolute"
      style="background-color: rgb(237, 24, 74); width: 128px; height: 128px; opacity: 1; top: 0px; right: 128px;"
    />
  </div>
  <div
    class="content-center mx-auto my-24 md:w-1/2 text-2xl px-5"
  >
    <div
      style="display: inline-block; max-width: 100%; overflow: hidden; position: relative; box-sizing: border-box; margin: 0px;"
    >
      <div
        style="box-sizing: border-box; display: block; max-width: 100%;"
      >
        <img
          alt=""
          aria-hidden="true"
          src="data:image/svg+xml;base64,PHN2ZyB3aWR0aD0iMTY2LjY2NjY2NjY2NjY2NjY2IiBoZWlnaHQ9IjE2Ni42NjY2NjY2NjY2NjY2NiIgeG1sbnM9Imh0dHA6Ly93d3cudzMub3JnLzIwMDAvc3ZnIiB2ZXJzaW9uPSIxLjEiLz4="
          style="max-width: 100%; display: block; margin: 0px; padding: 0px;"
        />
      </div>
      <img
        alt="Compassion, Creativity, Code"
        data-nimg="intrinsic"
        decoding="async"
        src="/_next/image?url=%2Ffoo.png&w=384&q=75"
        srcset="/_next/image?url=%2Ffoo.png&w=256&q=75 1x, /_next/image?url=%2Ffoo.png&w=384&q=75 2x"
        style="position: absolute; top: 0px; left: 0px; bottom: 0px; right: 0px; box-sizing: border-box; padding: 0px; margin: auto; display: block; width: 0px; height: 0px; min-width: 100%; max-width: 100%; min-height: 100%; max-height: 100%;"
      />
      <noscript />
    </div>
    <p
      class="mb-16 text-grey-dark"
    >
      <span
        class="font-italic font-semibold text-3xl"
      >
        We are 
      </span>
      <span
        class="text-5xl font-mono font-semibold"
      >
        VEGAN HACKTIVISTS
      </span>
    </p>
    <p
      class="pb-5"
    >
      We're a diverse community of passionate vegan activists from all around the world, 
      <b>
        volunteering our time and skills
      </b>
       towards the animal rights movement. We build free technology and offer free services with the goal of reducing or stopping the mass amounts of suffering caused by factory farming.
    </p>
    <p>
      <b>
        We do this for the animals
      </b>
       - we do this because coding is our way of doing our part for activism. If you believe in the work we do and want to support us, please consider a small donation via our 
      <a
        class="text-pink font-semibold"
        href="https://www.patreon.com/veganhacktivists"
        rel="noreferrer"
        target="_blank"
      >
        Patreon
      </a>
      ! It means the world to us and the animals to have your support.
    </p>
    <div
      class="relative mx-auto mt-10 md:w-1/3"
    >
      <a
        href="/about/our-mission"
      >
        <div
          class="p-3 px-4 py-2 text-2xl border-l-8 transition-shadow font-mono cursor-pointer disabled:bg-grey-light disabled:cursor-not-allowed disabled:hover:shadow-none truncate transition-all overflow-hidden text-white border-green font-mono hover:!bg-left transition-all duration-500 ease-in-out capitalize"
          href="/about/our-mission"
          style="background-size: 250% 100%; background-position: right;"
        >
          Our Mission
        </div>
      </a>
    </div>
  </div>
  <div
    class="absolute z-20 cursor-pointer select-none"
    style="left: 192px; height: 250px; transform: translateY(-250px) rotateY(180deg);"
  >
    <div
      class="relative"
    >
      <div
        style="overflow: hidden; box-sizing: border-box; display: inline-block; position: relative; width: 250px; height: 250px;"
      >
        <img
          alt=""
          data-nimg="fixed"
          decoding="async"
          src="/_next/image?url=%2Ffoo.png&w=640&q=75"
          srcset="/_next/image?url=%2Ffoo.png&w=256&q=75 1x, /_next/image?url=%2Ffoo.png&w=640&q=75 2x"
          style="position: absolute; top: 0px; left: 0px; bottom: 0px; right: 0px; box-sizing: border-box; padding: 0px; margin: auto; display: block; width: 0px; height: 0px; min-width: 100%; max-width: 100%; min-height: 100%; max-height: 100%;"
        />
        <noscript />
      </div>
    </div>
  </div>
  <div
    class="absolute z-20 select-none hidden"
    style="left: 0px;"
  >
    <div
      class="relative"
      style="animation-delay: 0ms;"
    >
      <div
        style="display: inline-block; max-width: 100%; overflow: hidden; position: relative; box-sizing: border-box; margin: 0px;"
      >
        <div
          style="box-sizing: border-box; display: block; max-width: 100%;"
        >
          <img
            alt=""
            aria-hidden="true"
            src="data:image/svg+xml;base64,PHN2ZyB3aWR0aD0iMTY2LjY2NjY2NjY2NjY2NjY2IiBoZWlnaHQ9IjE2Ni42NjY2NjY2NjY2NjY2NiIgeG1sbnM9Imh0dHA6Ly93d3cudzMub3JnLzIwMDAvc3ZnIiB2ZXJzaW9uPSIxLjEiLz4="
            style="max-width: 100%; display: block; margin: 0px; padding: 0px;"
          />
        </div>
        <img
          alt=""
          data-nimg="intrinsic"
          decoding="async"
          src="/_next/image?url=%2Ffoo.png&w=384&q=75"
          srcset="/_next/image?url=%2Ffoo.png&w=256&q=75 1x, /_next/image?url=%2Ffoo.png&w=384&q=75 2x"
          style="position: absolute; top: 0px; left: 0px; bottom: 0px; right: 0px; box-sizing: border-box; padding: 0px; margin: auto; display: block; width: 0px; height: 0px; min-width: 100%; max-width: 100%; min-height: 100%; max-height: 100%;"
        />
        <noscript />
      </div>
    </div>
  </div>
  <div
    class="absolute z-20 select-none hidden"
    style="left: 0px;"
  >
    <div
      class="relative"
      style="animation-delay: 300ms;"
    >
      <div
        style="display: inline-block; max-width: 100%; overflow: hidden; position: relative; box-sizing: border-box; margin: 0px;"
      >
        <div
          style="box-sizing: border-box; display: block; max-width: 100%;"
        >
          <img
            alt=""
            aria-hidden="true"
            src="data:image/svg+xml;base64,PHN2ZyB3aWR0aD0iMTY2LjY2NjY2NjY2NjY2NjY2IiBoZWlnaHQ9IjE2Ni42NjY2NjY2NjY2NjY2NiIgeG1sbnM9Imh0dHA6Ly93d3cudzMub3JnLzIwMDAvc3ZnIiB2ZXJzaW9uPSIxLjEiLz4="
            style="max-width: 100%; display: block; margin: 0px; padding: 0px;"
          />
        </div>
        <img
          alt=""
          data-nimg="intrinsic"
          decoding="async"
          src="/_next/image?url=%2Ffoo.png&w=384&q=75"
          srcset="/_next/image?url=%2Ffoo.png&w=256&q=75 1x, /_next/image?url=%2Ffoo.png&w=384&q=75 2x"
          style="position: absolute; top: 0px; left: 0px; bottom: 0px; right: 0px; box-sizing: border-box; padding: 0px; margin: auto; display: block; width: 0px; height: 0px; min-width: 100%; max-width: 100%; min-height: 100%; max-height: 100%;"
        />
        <noscript />
      </div>
    </div>
  </div>
  <div
    class="absolute z-20 select-none hidden"
    style="left: 0px;"
  >
    <div
      class="relative"
      style="animation-delay: 600ms;"
    >
      <div
        style="display: inline-block; max-width: 100%; overflow: hidden; position: relative; box-sizing: border-box; margin: 0px;"
      >
        <div
          style="box-sizing: border-box; display: block; max-width: 100%;"
        >
          <img
            alt=""
            aria-hidden="true"
            src="data:image/svg+xml;base64,PHN2ZyB3aWR0aD0iMTY2LjY2NjY2NjY2NjY2NjY2IiBoZWlnaHQ9IjE2Ni42NjY2NjY2NjY2NjY2NiIgeG1sbnM9Imh0dHA6Ly93d3cudzMub3JnLzIwMDAvc3ZnIiB2ZXJzaW9uPSIxLjEiLz4="
            style="max-width: 100%; display: block; margin: 0px; padding: 0px;"
          />
        </div>
        <img
          alt=""
          data-nimg="intrinsic"
          decoding="async"
          src="/_next/image?url=%2Ffoo.png&w=384&q=75"
          srcset="/_next/image?url=%2Ffoo.png&w=256&q=75 1x, /_next/image?url=%2Ffoo.png&w=384&q=75 2x"
          style="position: absolute; top: 0px; left: 0px; bottom: 0px; right: 0px; box-sizing: border-box; padding: 0px; margin: auto; display: block; width: 0px; height: 0px; min-width: 100%; max-width: 100%; min-height: 100%; max-height: 100%;"
        />
        <noscript />
      </div>
    </div>
  </div>
  <div
    class="relative overflow-visible hidden md:block"
  >
    <div
      class="absolute"
      style="background-color: rgb(226, 226, 226); width: 64px; height: 64px; opacity: 1; bottom: 0px; left: 0px;"
    />
    <div
      class="absolute"
      style="background-color: rgb(69, 69, 69); width: 64px; height: 64px; opacity: 1; top: 0px; left: 128px;"
    />
    <div
      class="absolute"
      style="background-color: rgb(226, 226, 226); width: 64px; height: 64px; opacity: 1; bottom: 0px; right: 0px;"
    />
    <div
      class="absolute"
      style="background-color: rgb(69, 69, 69); width: 64px; height: 64px; opacity: 1; top: 0px; right: 0px;"
    />
  </div>
  <div
    class="bg-grey-background"
  >
    <div
      class="content-center mx-auto md:w-1/2 text-2xl pt-16 px-5"
    >
      <p
        class="text-grey-dark pb-5"
      >
        <span
          class="font-italic font-semibold text-3xl"
        >
          Featured 
        </span>
        <b
          class="text-5xl font-mono"
        >
          PROJECTS
        </b>
      </p>
      <p>
        Every project we release is 
        <b>
          100% free for everyone
        </b>
        , we don’t do premium versions, advertisments, or sell user data what-so-ever.
      </p>
      <div
        class="grid lg:grid-cols-4 lg:gap-4 md:grid-cols-4 md:gap-4 sm:grid-cols-2 sm:gap-4 grid-cols-1 gap-4 pt-16"
      />
      <div
        class="relative mx-auto mt-10 md:w-1/3 pb-16"
      >
        <a
          href="/projects"
        >
          <div
            class="p-3 px-4 py-2 text-2xl border-l-8 transition-shadow font-mono cursor-pointer disabled:bg-grey-light disabled:cursor-not-allowed disabled:hover:shadow-none truncate transition-all overflow-hidden text-white border-green font-mono hover:!bg-left transition-all duration-500 ease-in-out capitalize"
            href="/projects"
            style="background-size: 250% 100%; background-position: right;"
          >
            See All Projects
          </div>
        </a>
      </div>
    </div>
  </div>
  <div
    class="relative overflow-visible hidden md:block"
  >
    <div
      class="absolute"
      style="background-color: rgb(69, 69, 69); width: 128px; height: 128px; opacity: 1; top: 0px; left: 0px;"
    />
    <div
      class="absolute"
      style="background-color: rgb(226, 226, 226); width: 64px; height: 64px; opacity: 1; top: 0px; left: 128px;"
    />
    <div
      class="absolute"
      style="background-color: rgb(202, 202, 202); width: 64px; height: 64px; opacity: 1; bottom: 0px; left: 128px;"
    />
  </div>
  <div
    class="bg-black"
  >
    <div
      class="content-center mx-auto md:w-1/2 text-2xl pb-12"
    >
      <p
        class="mb-12 text-grey-dark pt-16"
      >
        <span
          class="text-5xl font-mono text-white"
        >
          JOIN OUR TEAM
        </span>
      </p>
      <div
        style="display: inline-block; max-width: 100%; overflow: hidden; position: relative; box-sizing: border-box; margin: 0px;"
      >
        <div
          style="box-sizing: border-box; display: block; max-width: 100%;"
        >
          <img
            alt=""
            aria-hidden="true"
            src="data:image/svg+xml;base64,PHN2ZyB3aWR0aD0iNTAwIiBoZWlnaHQ9IjUwMCIgeG1sbnM9Imh0dHA6Ly93d3cudzMub3JnLzIwMDAvc3ZnIiB2ZXJzaW9uPSIxLjEiLz4="
            style="max-width: 100%; display: block; margin: 0px; padding: 0px;"
          />
        </div>
        <img
          alt="Compassion, Creativity, Code"
          data-nimg="intrinsic"
          decoding="async"
          src="/_next/image?url=%2Ffoo.png&w=1080&q=75"
          srcset="/_next/image?url=%2Ffoo.png&w=640&q=75 1x, /_next/image?url=%2Ffoo.png&w=1080&q=75 2x"
          style="position: absolute; top: 0px; left: 0px; bottom: 0px; right: 0px; box-sizing: border-box; padding: 0px; margin: auto; display: block; width: 0px; height: 0px; min-width: 100%; max-width: 100%; min-height: 100%; max-height: 100%;"
        />
        <noscript />
      </div>
      <p
        class="pb-5 mt-4 text-white"
      >
        Are you a developer, designer, writer, or other creative professional wanting to use skills for the animals? We're always looking for more vegan activist volunteers to join our team! If you're interested and have the time to spare, click to see our positions.
      </p>
      <div
        class="flex justify-center flex-wrap"
      >
        <a
          href="/people/team"
        >
          <div
            class="p-3 px-4 py-2 text-2xl border-l-8 transition-shadow font-mono cursor-pointer disabled:bg-grey-light disabled:cursor-not-allowed disabled:hover:shadow-none truncate text-grey-dark border-green bg-w-x2 bg-white font-mono font-semibold m-5 font-mono font-semibold hover:!bg-left transition-all duration-500 ease-in-out capitalize"
            href="/people/team"
            style="background-size: 250% 100%; background-position: right;"
          >
            Meet the Team
          </div>
        </a>
        <a
          href="/join"
        >
          <div
            class="p-3 px-4 py-2 text-2xl border-l-8 transition-shadow font-mono cursor-pointer disabled:bg-grey-light disabled:cursor-not-allowed disabled:hover:shadow-none truncate text-grey-dark border-green bg-w-x2 bg-white font-mono font-semibold m-5 font-mono font-semibold hover:!bg-left transition-all duration-500 ease-in-out capitalize"
            href="/join"
            style="background-size: 250% 100%; background-position: right;"
          >
            Apply to Join
          </div>
        </a>
      </div>
    </div>
  </div>
  <div
    class="relative overflow-visible hidden md:block"
  >
    <div
      class="absolute"
      style="background-color: rgb(255, 255, 255); width: 64px; height: 64px; opacity: 1; bottom: 0px; right: 0px;"
    />
    <div
      class="absolute"
      style="background-color: rgb(202, 202, 202); width: 64px; height: 64px; opacity: 1; top: 0px; right: 0px;"
    />
  </div>
  <div
    class="content-center mx-auto md:w-1/2 text-2xl pt-16"
  >
    <p
      class="text-grey-dark pb-5"
    >
      <span
        class="font-italic font-semibold text-3xl"
      >
        On the 
      </span>
      <b
        class="text-5xl font-mono"
      >
        BLOG
      </b>
    </p>
    <p
      class="pb-16"
    >
      We regularly post project updates, announcements, interviews, and other fun stuff here! Thanks for reading!
    </p>
  </div>
  <div
    class="grid grid-cols-1 md:grid-cols-3 md:gap-x-4 md:gap-y-2 gap-y-4 lg:px-32 px-4"
  />
  <div
    class="bg-grey w-full relative h-32 bottom-32 -z-10"
  />
  <div
    class="bg-grey relative bottom-32 -pb-32 -mb-32"
  >
    <div
      class="relative mx-auto pt-10 md:w-1/3 pb-16 sm:px-24 px-20"
    >
      <a
        href="/blog"
      >
        <div
          class="p-3 px-4 py-2 text-2xl border-l-8 transition-shadow font-mono cursor-pointer disabled:bg-grey-light disabled:cursor-not-allowed disabled:hover:shadow-none truncate text-grey-dark border-green bg-w-x2 bg-white font-mono font-semibold font-mono font-semibold hover:!bg-left transition-all duration-500 ease-in-out capitalize"
          href="/blog"
          style="background-size: 250% 100%; background-position: right;"
        >
          See All Posts
        </div>
      </a>
    </div>
  </div>
  <div
    class="relative overflow-visible hidden md:block"
  >
    <div
      class="absolute"
      style="background-color: rgb(226, 226, 226); width: 64px; height: 64px; opacity: 1; bottom: 0px; left: 0px;"
    />
    <div
      class="absolute"
      style="background-color: rgb(69, 69, 69); width: 64px; height: 64px; opacity: 1; top: 0px; left: 128px;"
    />
    <div
      class="absolute"
      style="background-color: rgb(226, 226, 226); width: 64px; height: 64px; opacity: 1; bottom: 0px; right: 0px;"
    />
    <div
      class="absolute"
      style="background-color: rgb(69, 69, 69); width: 64px; height: 64px; opacity: 1; top: 0px; right: 0px;"
    />
  </div>
  <div
    class="bg-gray-background pt-14 pb-10"
  >
    <div
      class="md:grid grid-cols-1 md:grid-cols-2 gap-0 md:w-2/3 mx-auto auto-rows-fr"
    >
      <div
        class="flex flex-col gap-14 mb-20"
      >
        <div
          style="background-color: rgb(255, 255, 255);"
        >
          <div
            class="overflow-hidden w-full"
          >
            <div
              style="display: inline-block; max-width: 100%; overflow: hidden; position: relative; box-sizing: border-box; margin: 0px;"
            >
              <div
                style="box-sizing: border-box; display: block; max-width: 100%;"
              >
                <img
                  alt=""
                  aria-hidden="true"
                  src="data:image/svg+xml;base64,PHN2ZyB3aWR0aD0iNTAwIiBoZWlnaHQ9IjUwMCIgeG1sbnM9Imh0dHA6Ly93d3cudzMub3JnLzIwMDAvc3ZnIiB2ZXJzaW9uPSIxLjEiLz4="
                  style="max-width: 100%; display: block; margin: 0px; padding: 0px;"
                />
              </div>
              <img
                alt=""
                data-nimg="intrinsic"
                decoding="async"
                src="/_next/image?url=%2Ffoo.png&w=1080&q=75"
                srcset="/_next/image?url=%2Ffoo.png&w=640&q=75 1x, /_next/image?url=%2Ffoo.png&w=1080&q=75 2x"
                style="position: absolute; top: 0px; left: 0px; bottom: 0px; right: 0px; box-sizing: border-box; padding: 0px; margin: auto; display: block; width: 0px; height: 0px; min-width: 100%; max-width: 100%; min-height: 100%; max-height: 100%;"
              />
              <noscript />
            </div>
          </div>
          <div
            class="items-center"
          >
            <div
              class="text-left break-words max-w-sm md:pb-8 px-10"
            >
              <div
                class="mb-10 text-grey-dark pt-10 text-3xl md:text-4xl font-mono font-semibold uppercase md:px-2"
              >
                Apply for a $1000 VH seed grant
              </div>
              <div
                class="mb-8 md:mb-0 text-2xl"
              >
                We're excited to offer grants for oustanding, and effective, animal rights activism!
              </div>
            </div>
            <div
              class="flex flex-row justify-between px-10 mb-20 h-10"
            >
              <a
                href="/grants"
              >
                <div
                  class="p-3 px-4 py-2 text-2xl border-l-8 transition-shadow font-mono cursor-pointer disabled:bg-grey-light disabled:cursor-not-allowed disabled:hover:shadow-none truncate transition-all overflow-hidden text-white border-green md:max-w-72 hover:!bg-left transition-all duration-500 ease-in-out capitalize"
                  href="/grants"
                  style="background-size: 250% 100%; background-position: right;"
                >
                  Apply now!
                </div>
              </a>
              <div
                class="w-1/4"
              >
                <div
                  style="overflow: hidden; box-sizing: border-box; display: inline-block; position: relative; width: 100px; height: 100px;"
                >
                  <img
                    alt=""
                    data-nimg="fixed"
                    decoding="async"
                    src="/_next/image?url=%2Ffoo.png&w=256&q=75"
                    srcset="/_next/image?url=%2Ffoo.png&w=128&q=75 1x, /_next/image?url=%2Ffoo.png&w=256&q=75 2x"
                    style="position: absolute; top: 0px; left: 0px; bottom: 0px; right: 0px; box-sizing: border-box; padding: 0px; margin: auto; display: block; width: 0px; height: 0px; min-width: 100%; max-width: 100%; min-height: 100%; max-height: 100%;"
                  />
                  <noscript />
                </div>
              </div>
            </div>
          </div>
        </div>
      </div>
      <div
        class="flex flex-col gap-14 mb-20"
      >
        <div
          style="background-color: rgb(243, 244, 246);"
        >
          <div
            class="overflow-hidden w-full"
          >
            <div
              style="display: inline-block; max-width: 100%; overflow: hidden; position: relative; box-sizing: border-box; margin: 0px;"
            >
              <div
                style="box-sizing: border-box; display: block; max-width: 100%;"
              >
                <img
                  alt=""
                  aria-hidden="true"
                  src="data:image/svg+xml;base64,PHN2ZyB3aWR0aD0iNTAwIiBoZWlnaHQ9IjUwMCIgeG1sbnM9Imh0dHA6Ly93d3cudzMub3JnLzIwMDAvc3ZnIiB2ZXJzaW9uPSIxLjEiLz4="
                  style="max-width: 100%; display: block; margin: 0px; padding: 0px;"
                />
              </div>
              <img
                alt=""
                data-nimg="intrinsic"
                decoding="async"
                src="/_next/image?url=%2Ffoo.png&w=1080&q=75"
                srcset="/_next/image?url=%2Ffoo.png&w=640&q=75 1x, /_next/image?url=%2Ffoo.png&w=1080&q=75 2x"
                style="position: absolute; top: 0px; left: 0px; bottom: 0px; right: 0px; box-sizing: border-box; padding: 0px; margin: auto; display: block; width: 0px; height: 0px; min-width: 100%; max-width: 100%; min-height: 100%; max-height: 100%;"
              />
              <noscript />
            </div>
          </div>
          <div
            class="items-center"
          >
            <div
              class="text-left break-words max-w-sm md:pb-8 px-10"
            >
              <div
                class="mb-10 text-grey-dark pt-10 text-3xl md:text-4xl font-mono font-semibold uppercase md:px-2"
              >
                See our 2020 impact review
              </div>
              <div
                class="mb-8 md:mb-0 text-2xl"
              >
                Read our annual impact review and see what we've accomplished last year!
              </div>
            </div>
            <div
              class="flex flex-row justify-between px-10 mb-20 h-10"
            >
              <a
                href="/year-in-review"
              >
                <div
                  class="p-3 px-4 py-2 text-2xl border-l-8 transition-shadow font-mono cursor-pointer disabled:bg-grey-light disabled:cursor-not-allowed disabled:hover:shadow-none truncate transition-all overflow-hidden text-white border-green md:max-w-72 hover:!bg-left transition-all duration-500 ease-in-out capitalize"
                  href="/year-in-review"
                  style="background-size: 250% 100%; background-position: right;"
                >
                  See our impact!
                </div>
              </a>
              <div
                class="w-1/4"
              >
                <div
                  style="overflow: hidden; box-sizing: border-box; display: inline-block; position: relative; width: 100px; height: 100px;"
                >
                  <img
                    alt=""
                    data-nimg="fixed"
                    decoding="async"
                    src="/_next/image?url=%2Ffoo.png&w=256&q=75"
                    srcset="/_next/image?url=%2Ffoo.png&w=128&q=75 1x, /_next/image?url=%2Ffoo.png&w=256&q=75 2x"
                    style="position: absolute; top: 0px; left: 0px; bottom: 0px; right: 0px; box-sizing: border-box; padding: 0px; margin: auto; display: block; width: 0px; height: 0px; min-width: 100%; max-width: 100%; min-height: 100%; max-height: 100%;"
                  />
                  <noscript />
                </div>
              </div>
            </div>
          </div>
        </div>
      </div>
    </div>
  </div>
  <div
    class="absolute z-20 cursor-pointer select-none"
    style="left: 64px; height: 250px; transform: translateY(-250px) rotateY(180deg);"
  >
    <div
      class="relative"
    >
      <div
        style="overflow: hidden; box-sizing: border-box; display: inline-block; position: relative; width: 250px; height: 250px;"
      >
        <img
          alt=""
          data-nimg="fixed"
          decoding="async"
          src="/_next/image?url=%2Ffoo.png&w=640&q=75"
          srcset="/_next/image?url=%2Ffoo.png&w=256&q=75 1x, /_next/image?url=%2Ffoo.png&w=640&q=75 2x"
          style="position: absolute; top: 0px; left: 0px; bottom: 0px; right: 0px; box-sizing: border-box; padding: 0px; margin: auto; display: block; width: 0px; height: 0px; min-width: 100%; max-width: 100%; min-height: 100%; max-height: 100%;"
        />
        <noscript />
      </div>
    </div>
  </div>
  <div
    class="absolute z-20 select-none hidden"
    style="left: 0px;"
  >
    <div
      class="relative"
      style="animation-delay: 0ms;"
    >
      <div
        style="display: inline-block; max-width: 100%; overflow: hidden; position: relative; box-sizing: border-box; margin: 0px;"
      >
        <div
          style="box-sizing: border-box; display: block; max-width: 100%;"
        >
          <img
            alt=""
            aria-hidden="true"
            src="data:image/svg+xml;base64,PHN2ZyB3aWR0aD0iMTY2LjY2NjY2NjY2NjY2NjY2IiBoZWlnaHQ9IjE2Ni42NjY2NjY2NjY2NjY2NiIgeG1sbnM9Imh0dHA6Ly93d3cudzMub3JnLzIwMDAvc3ZnIiB2ZXJzaW9uPSIxLjEiLz4="
            style="max-width: 100%; display: block; margin: 0px; padding: 0px;"
          />
        </div>
        <img
          alt=""
          data-nimg="intrinsic"
          decoding="async"
          src="/_next/image?url=%2Ffoo.png&w=384&q=75"
          srcset="/_next/image?url=%2Ffoo.png&w=256&q=75 1x, /_next/image?url=%2Ffoo.png&w=384&q=75 2x"
          style="position: absolute; top: 0px; left: 0px; bottom: 0px; right: 0px; box-sizing: border-box; padding: 0px; margin: auto; display: block; width: 0px; height: 0px; min-width: 100%; max-width: 100%; min-height: 100%; max-height: 100%;"
        />
        <noscript />
      </div>
    </div>
  </div>
  <div
    class="absolute z-20 select-none hidden"
    style="left: 0px;"
  >
    <div
      class="relative"
      style="animation-delay: 300ms;"
    >
      <div
        style="display: inline-block; max-width: 100%; overflow: hidden; position: relative; box-sizing: border-box; margin: 0px;"
      >
        <div
          style="box-sizing: border-box; display: block; max-width: 100%;"
        >
          <img
            alt=""
            aria-hidden="true"
            src="data:image/svg+xml;base64,PHN2ZyB3aWR0aD0iMTY2LjY2NjY2NjY2NjY2NjY2IiBoZWlnaHQ9IjE2Ni42NjY2NjY2NjY2NjY2NiIgeG1sbnM9Imh0dHA6Ly93d3cudzMub3JnLzIwMDAvc3ZnIiB2ZXJzaW9uPSIxLjEiLz4="
            style="max-width: 100%; display: block; margin: 0px; padding: 0px;"
          />
        </div>
        <img
          alt=""
          data-nimg="intrinsic"
          decoding="async"
          src="/_next/image?url=%2Ffoo.png&w=384&q=75"
          srcset="/_next/image?url=%2Ffoo.png&w=256&q=75 1x, /_next/image?url=%2Ffoo.png&w=384&q=75 2x"
          style="position: absolute; top: 0px; left: 0px; bottom: 0px; right: 0px; box-sizing: border-box; padding: 0px; margin: auto; display: block; width: 0px; height: 0px; min-width: 100%; max-width: 100%; min-height: 100%; max-height: 100%;"
        />
        <noscript />
      </div>
    </div>
  </div>
  <div
    class="absolute z-20 select-none hidden"
    style="left: 0px;"
  >
    <div
      class="relative"
      style="animation-delay: 600ms;"
    >
      <div
        style="display: inline-block; max-width: 100%; overflow: hidden; position: relative; box-sizing: border-box; margin: 0px;"
      >
        <div
          style="box-sizing: border-box; display: block; max-width: 100%;"
        >
          <img
            alt=""
            aria-hidden="true"
            src="data:image/svg+xml;base64,PHN2ZyB3aWR0aD0iMTY2LjY2NjY2NjY2NjY2NjY2IiBoZWlnaHQ9IjE2Ni42NjY2NjY2NjY2NjY2NiIgeG1sbnM9Imh0dHA6Ly93d3cudzMub3JnLzIwMDAvc3ZnIiB2ZXJzaW9uPSIxLjEiLz4="
            style="max-width: 100%; display: block; margin: 0px; padding: 0px;"
          />
        </div>
        <img
          alt=""
          data-nimg="intrinsic"
          decoding="async"
          src="/_next/image?url=%2Ffoo.png&w=384&q=75"
          srcset="/_next/image?url=%2Ffoo.png&w=256&q=75 1x, /_next/image?url=%2Ffoo.png&w=384&q=75 2x"
          style="position: absolute; top: 0px; left: 0px; bottom: 0px; right: 0px; box-sizing: border-box; padding: 0px; margin: auto; display: block; width: 0px; height: 0px; min-width: 100%; max-width: 100%; min-height: 100%; max-height: 100%;"
        />
        <noscript />
      </div>
    </div>
  </div>
</DocumentFragment>
`;
