// Jest Snapshot v1, https://goo.gl/fbAQLP

exports[`WhiteButton should render correctly 1`] = `
<DocumentFragment>
  <a
    href="https://example.org"
    rel="noreferrer"
    target="_blank"
  >
    <div
      class="transition-all duration-[400ms] ease-linear hover:!bg-left capitalize"
      href="https://example.org"
      style="background-size: 250% 100%; background-position: right;"
    >
      <div
        class="border-2 border-opacity-50 p-3"
      >
        Foo
      </div>
    </div>
  </a>
</DocumentFragment>
`;
